// ====== SNAPSHOT 0 ======
Array [
  Object {
    "end": 8,
    "start": 0,
  },
  Object {
    "end": 3,
    "start": 1,
  },
  Object {
    "end": 6,
    "start": 4,
  },
]
