// ====== SNAPSHOT 0 ======
[Array]
  [Object]
    end = 7
    start = 0
  [Object]
    end = 6
    start = 4

