// ====== SNAPSHOT 0 ======
Object {
  "data": Object {
    "0": 0,
    "1": 0,
    "10": 1,
    "11": 2,
    "12": 9,
    "13": 2,
    "14": 0,
    "15": 0,
    "16": 9,
    "17": 1,
    "18": 10,
    "19": 0,
    "2": 1,
    "20": 0,
    "21": 2,
    "22": 4,
    "23": 9,
    "24": 0,
    "25": 0,
    "26": 4,
    "27": 1,
    "28": 10,
    "29": 0,
    "3": 10,
    "30": 1,
    "31": 0,
    "32": 1,
    "33": 10,
    "34": 0,
    "35": 2,
    "36": 0,
    "37": 7,
    "38": 6,
    "39": 0,
    "4": 0,
    "40": 0,
    "41": 8,
    "42": 11,
    "43": 8,
    "44": 0,
    "5": 0,
    "6": 1,
    "7": 2,
    "8": 10,
    "9": 0,
  },
}
