// ====== SNAPSHOT 0 ======
Object {
  "data": Object {
    "0": 0,
    "1": 0,
    "10": 0,
    "100": 0,
    "101": 2,
    "102": 4,
    "103": 9,
    "104": 0,
    "105": 0,
    "106": 4,
    "107": 1,
    "108": 10,
    "109": 0,
    "11": 2,
    "110": 0,
    "111": 1,
    "112": 2,
    "113": 10,
    "114": 0,
    "115": 0,
    "116": 2,
    "117": 1,
    "118": 10,
    "119": 0,
    "12": 9,
    "120": 2,
    "121": 0,
    "122": 6,
    "123": 6,
    "124": 0,
    "125": 0,
    "126": 7,
    "127": 4,
    "128": 6,
    "129": 0,
    "13": 2,
    "130": 0,
    "131": 5,
    "132": 6,
    "133": 6,
    "134": 0,
    "135": 0,
    "136": 7,
    "137": 3,
    "138": 6,
    "139": 0,
    "14": 0,
    "140": 0,
    "141": 3,
    "142": 2,
    "143": 10,
    "144": 0,
    "145": 0,
    "146": 2,
    "147": 9,
    "148": 2,
    "149": 0,
    "15": 0,
    "150": 0,
    "151": 9,
    "152": 1,
    "153": 10,
    "154": 0,
    "155": 0,
    "156": 2,
    "157": 4,
    "158": 9,
    "159": 0,
    "16": 9,
    "160": 0,
    "161": 4,
    "162": 1,
    "163": 10,
    "164": 0,
    "165": 0,
    "166": 1,
    "167": 2,
    "168": 10,
    "169": 0,
    "17": 1,
    "170": 0,
    "171": 2,
    "172": 1,
    "173": 10,
    "174": 0,
    "175": 2,
    "176": 0,
    "177": 6,
    "178": 6,
    "179": 0,
    "18": 10,
    "180": 0,
    "181": 7,
    "182": 5,
    "183": 6,
    "184": 0,
    "185": 0,
    "186": 5,
    "187": 1,
    "188": 10,
    "189": 0,
    "19": 0,
    "190": 0,
    "191": 1,
    "192": 2,
    "193": 10,
    "194": 0,
    "195": 0,
    "196": 2,
    "197": 9,
    "198": 2,
    "199": 0,
    "2": 6,
    "20": 0,
    "200": 0,
    "201": 9,
    "202": 1,
    "203": 10,
    "204": 0,
    "205": 0,
    "206": 2,
    "207": 4,
    "208": 9,
    "209": 0,
    "21": 2,
    "210": 0,
    "211": 4,
    "212": 1,
    "213": 10,
    "214": 0,
    "215": 0,
    "216": 1,
    "217": 2,
    "218": 10,
    "219": 0,
    "22": 4,
    "220": 0,
    "221": 2,
    "222": 1,
    "223": 10,
    "224": 0,
    "225": 2,
    "226": 0,
    "227": 6,
    "228": 6,
    "229": 0,
    "23": 9,
    "230": 0,
    "231": 7,
    "232": 3,
    "233": 6,
    "234": 0,
    "235": 0,
    "236": 4,
    "237": 2,
    "238": 6,
    "239": 0,
    "24": 0,
    "240": 0,
    "241": 3,
    "242": 4,
    "243": 6,
    "244": 0,
    "245": 0,
    "246": 4,
    "247": 2,
    "248": 10,
    "249": 0,
    "25": 0,
    "250": 0,
    "251": 2,
    "252": 9,
    "253": 0,
    "254": 0,
    "255": 0,
    "256": 10,
    "257": 1,
    "258": 10,
    "259": 0,
    "26": 4,
    "260": 0,
    "261": 1,
    "262": 1,
    "263": 10,
    "264": 0,
    "265": 0,
    "266": 2,
    "267": 4,
    "268": 9,
    "269": 0,
    "27": 1,
    "270": 0,
    "271": 4,
    "272": 1,
    "273": 10,
    "274": 0,
    "275": 0,
    "276": 1,
    "277": 2,
    "278": 10,
    "279": 0,
    "28": 10,
    "280": 0,
    "281": 2,
    "282": 1,
    "283": 10,
    "284": 0,
    "29": 0,
    "3": 6,
    "30": 0,
    "31": 1,
    "32": 2,
    "33": 10,
    "34": 0,
    "35": 1,
    "36": 2,
    "37": 3,
    "38": 0,
    "39": 0,
    "4": 0,
    "40": 0,
    "41": 3,
    "42": 2,
    "43": 10,
    "44": 0,
    "45": 1,
    "46": 4,
    "47": 9,
    "48": 2,
    "49": 0,
    "5": 0,
    "50": 0,
    "51": 9,
    "52": 1,
    "53": 10,
    "54": 0,
    "55": 0,
    "56": 2,
    "57": 4,
    "58": 9,
    "59": 0,
    "6": 6,
    "60": 0,
    "61": 4,
    "62": 1,
    "63": 10,
    "64": 0,
    "65": 1,
    "66": 2,
    "67": 1,
    "68": 10,
    "69": 0,
    "7": 2,
    "70": 1,
    "71": 0,
    "72": 1,
    "73": 10,
    "74": 0,
    "75": 2,
    "76": 0,
    "77": 6,
    "78": 6,
    "79": 0,
    "8": 10,
    "80": 0,
    "81": 7,
    "82": 3,
    "83": 6,
    "84": 0,
    "85": 0,
    "86": 3,
    "87": 2,
    "88": 10,
    "89": 0,
    "9": 0,
    "90": 0,
    "91": 2,
    "92": 9,
    "93": 2,
    "94": 0,
    "95": 0,
    "96": 9,
    "97": 1,
    "98": 10,
    "99": 0,
  },
}
