// ====== SNAPSHOT 0 ======
Object {
  "data": Object {
    "0": 0,
    "1": 0,
    "10": 0,
    "100": 0,
    "101": 1,
    "102": 5,
    "103": 0,
    "104": 0,
    "105": 0,
    "106": 5,
    "107": 1,
    "108": 10,
    "109": 0,
    "11": 2,
    "110": 0,
    "111": 2,
    "112": 1,
    "113": 10,
    "114": 0,
    "115": 0,
    "116": 1,
    "117": 1,
    "118": 10,
    "119": 0,
    "12": 1,
    "120": 0,
    "121": 1,
    "122": 6,
    "123": 0,
    "124": 0,
    "125": 0,
    "126": 6,
    "127": 2,
    "128": 10,
    "129": 0,
    "13": 10,
    "130": 1,
    "131": 4,
    "132": 5,
    "133": 2,
    "134": 0,
    "135": 0,
    "136": 5,
    "137": 1,
    "138": 10,
    "139": 0,
    "14": 0,
    "140": 0,
    "141": 2,
    "142": 7,
    "143": 9,
    "144": 0,
    "145": 0,
    "146": 7,
    "147": 1,
    "148": 10,
    "149": 0,
    "15": 0,
    "150": 1,
    "151": 2,
    "152": 1,
    "153": 10,
    "154": 0,
    "155": 1,
    "156": 0,
    "157": 1,
    "158": 10,
    "159": 0,
    "16": 1,
    "17": 3,
    "18": 0,
    "19": 0,
    "2": 3,
    "20": 0,
    "21": 3,
    "22": 1,
    "23": 10,
    "24": 0,
    "25": 0,
    "26": 1,
    "27": 4,
    "28": 0,
    "29": 0,
    "3": 0,
    "30": 0,
    "31": 4,
    "32": 1,
    "33": 10,
    "34": 0,
    "35": 0,
    "36": 1,
    "37": 7,
    "38": 8,
    "39": 0,
    "4": 0,
    "40": 0,
    "41": 7,
    "42": 1,
    "43": 10,
    "44": 0,
    "45": 0,
    "46": 1,
    "47": 2,
    "48": 10,
    "49": 0,
    "5": 0,
    "50": 1,
    "51": 2,
    "52": 5,
    "53": 2,
    "54": 0,
    "55": 0,
    "56": 5,
    "57": 1,
    "58": 10,
    "59": 0,
    "6": 3,
    "60": 0,
    "61": 2,
    "62": 3,
    "63": 0,
    "64": 0,
    "65": 0,
    "66": 3,
    "67": 1,
    "68": 10,
    "69": 0,
    "7": 2,
    "70": 1,
    "71": 2,
    "72": 5,
    "73": 2,
    "74": 0,
    "75": 0,
    "76": 5,
    "77": 1,
    "78": 10,
    "79": 0,
    "8": 0,
    "80": 0,
    "81": 2,
    "82": 4,
    "83": 9,
    "84": 0,
    "85": 0,
    "86": 4,
    "87": 1,
    "88": 10,
    "89": 0,
    "9": 0,
    "90": 2,
    "91": 2,
    "92": 1,
    "93": 10,
    "94": 0,
    "95": 0,
    "96": 1,
    "97": 1,
    "98": 10,
    "99": 0,
  },
}
