// ====== SNAPSHOT 0 ======
[Array]
  [Object]
    contents = [Array]
      [Object]
    range = [Array]
      [Object]
        character = 12
        line = 0
      [Object]
        character = 19
        line = 0

