// ====== SNAPSHOT 0 ======
[Array]
  [Object]
    range = [Array]
      [Object]
        character = 0
        line = 0
      [Object]
        character = 4
        line = 0
    uri = [Object] "../../test-fixture/wxml/other-less.less"
  [Object]
    range = [Array]
      [Object]
        character = 12
        line = 0
      [Object]
        character = 15
        line = 0
    uri = [Object] "../../test-fixture/wxml/other-less.wxml"

