// ====== SNAPSHOT 0 ======
[Array]
  [Object]
    range = [Array]
      [Object]
        character = 0
        line = 0
      [Object]
        character = 0
        line = 0
    uri = [Object] "../../test-fixture/wxml/component.wxml"
  [Object]
    range = [Array]
      [Object]
        character = 1
        line = 4
      [Object]
        character = 5
        line = 4
    uri = [Object] "../../test-fixture/wxml/core-attribute.wxml"
  [Object]
    range = [Array]
      [Object]
        character = 3
        line = 1
      [Object]
        character = 12
        line = 1
    uri = [Object] "../../test-fixture/wxml/slot-value.wxml"

// ====== SNAPSHOT 1 ======
[Array]
  [Object]
    range = [Array]
      [Object]
        character = 8
        line = 1
      [Object]
        character = 9
        line = 1
    uri = [Object] "../../test-fixture/wxml/component.wxml"
  [Object]
    range = [Array]
      [Object]
        character = 6
        line = 3
      [Object]
        character = 7
        line = 3
    uri = [Object] "../../test-fixture/wxml/component.wxml"
  [Object]
    range = [Array]
      [Object]
        character = 16
        line = 2
      [Object]
        character = 17
        line = 2
    uri = [Object] "../../test-fixture/wxml/slot-value.wxml"
  [Object]
    range = [Array]
      [Object]
        character = 9
        line = 3
      [Object]
        character = 10
        line = 3
    uri = [Object] "../../test-fixture/wxml/slot-value.wxml"

// ====== SNAPSHOT 2 ======
[Array]

// ====== SNAPSHOT 3 ======
[Array]
  [Object]
    range = [Array]
      [Object]
        character = 20
        line = 1
      [Object]
        character = 21
        line = 1
    uri = [Object] "../../test-fixture/wxml/component.wxml"
  [Object]
    range = [Array]
      [Object]
        character = 23
        line = 2
      [Object]
        character = 24
        line = 2
    uri = [Object] "../../test-fixture/wxml/slot-value.wxml"
  [Object]
    range = [Array]
      [Object]
        character = 17
        line = 3
      [Object]
        character = 18
        line = 3
    uri = [Object] "../../test-fixture/wxml/slot-value.wxml"

// ====== SNAPSHOT 4 ======
[Array]
  [Object]
    range = [Array]
      [Object]
        character = 8
        line = 1
      [Object]
        character = 9
        line = 1
    uri = [Object] "../../test-fixture/wxml/component.wxml"
  [Object]
    range = [Array]
      [Object]
        character = 6
        line = 3
      [Object]
        character = 7
        line = 3
    uri = [Object] "../../test-fixture/wxml/component.wxml"
  [Object]
    range = [Array]
      [Object]
        character = 16
        line = 2
      [Object]
        character = 17
        line = 2
    uri = [Object] "../../test-fixture/wxml/slot-value.wxml"
  [Object]
    range = [Array]
      [Object]
        character = 9
        line = 3
      [Object]
        character = 10
        line = 3
    uri = [Object] "../../test-fixture/wxml/slot-value.wxml"

// ====== SNAPSHOT 5 ======
[Array]
  [Object]
    range = [Array]
      [Object]
        character = 20
        line = 1
      [Object]
        character = 21
        line = 1
    uri = [Object] "../../test-fixture/wxml/component.wxml"
  [Object]
    range = [Array]
      [Object]
        character = 23
        line = 2
      [Object]
        character = 24
        line = 2
    uri = [Object] "../../test-fixture/wxml/slot-value.wxml"
  [Object]
    range = [Array]
      [Object]
        character = 17
        line = 3
      [Object]
        character = 18
        line = 3
    uri = [Object] "../../test-fixture/wxml/slot-value.wxml"

// ====== SNAPSHOT 6 ======
[Array]
  [Object]
    range = [Array]
      [Object]
        character = 20
        line = 1
      [Object]
        character = 21
        line = 1
    uri = [Object] "../../test-fixture/wxml/component.wxml"
  [Object]
    range = [Array]
      [Object]
        character = 23
        line = 2
      [Object]
        character = 24
        line = 2
    uri = [Object] "../../test-fixture/wxml/slot-value.wxml"
  [Object]
    range = [Array]
      [Object]
        character = 17
        line = 3
      [Object]
        character = 18
        line = 3
    uri = [Object] "../../test-fixture/wxml/slot-value.wxml"

