// ====== SNAPSHOT 0 ======
[Object]
  data = [Object]
    0 = 2
    1 = 0
    2 = 4
    3 = 0
    4 = 0

