// ====== SNAPSHOT 0 ======
Na {
  "data": Uint32Array [
    2,
    0,
    7,
    0,
    0,
  ],
  "resultId": undefined,
}
