// ====== SNAPSHOT 0 ======
Na {
  "data": Uint32Array [
    1,
    2,
    5,
    0,
    0,
    0,
    5,
    1,
    0,
    0,
  ],
  "resultId": undefined,
}
