// ====== SNAPSHOT 0 ======
[Object]
  data = [Object]
    0 = 1
    1 = 2
    10 = 0
    11 = 1
    12 = 2
    13 = 10
    14 = 0
    15 = 0
    16 = 3
    17 = 1
    18 = 2
    19 = 0
    2 = 5
    20 = 0
    21 = 2
    22 = 2
    23 = 10
    24 = 0
    25 = 0
    26 = 2
    27 = 7
    28 = 0
    29 = 0
    3 = 0
    4 = 0
    5 = 0
    6 = 5
    7 = 1
    8 = 0
    9 = 0

