// ====== SNAPSHOT 0 ======
[Object]
  isIncomplete = false
  items = [Array]
    [Object]
      insertText = "propA"
      kind = "Property"
      label = "propA"
      sortText = "11"
    [Object]
      insertText = [Object]
        b = 1
        value = "bind:${1|canceltap|}=\"$0\""
      kind = "Keyword"
      label = "bind:"
      sortText = "bind:"
    [Object]
      insertText = [Object]
        b = 1
        value = "capture-bind:${1|canceltap|}=\"$0\""
      kind = "Keyword"
      label = "capture-bind:"
      sortText = "capture-bind:"
    [Object]
      insertText = [Object]
        b = 1
        value = "capture-catch:${1|canceltap|}=\"$0\""
      kind = "Keyword"
      label = "capture-catch:"
      sortText = "capture-catch:"
    [Object]
      insertText = [Object]
        b = 1
        value = "capture-mut-bind:${1|canceltap|}=\"$0\""
      kind = "Keyword"
      label = "capture-mut-bind:"
      sortText = "capture-mut-bind:"
    [Object]
      insertText = [Object]
        b = 1
        value = "catch:${1|canceltap|}=\"$0\""
      kind = "Keyword"
      label = "catch:"
      sortText = "catch:"
    [Object]
      insertText = [Object]
        b = 1
        value = "class=\"$0\""
      kind = "Keyword"
      label = "class"
      sortText = "class"
    [Object]
      insertText = [Object]
        b = 1
        value = "class:$0"
      kind = "Keyword"
      label = "class:"
      sortText = "class:"
    [Object]
      insertText = [Object]
        b = 1
        value = "data:$1=\"$0\""
      kind = "Keyword"
      label = "data:"
      sortText = "data:"
    [Object]
      insertText = [Object]
        b = 1
        value = "generic:$1=\"$0\""
      kind = "Keyword"
      label = "generic:"
      sortText = "generic:"
    [Object]
      insertText = [Object]
        b = 1
        value = "id=\"$0\""
      kind = "Keyword"
      label = "id"
      sortText = "id"
    [Object]
      insertText = [Object]
        b = 1
        value = "let:$1=\"{{ $0 }}\""
      kind = "Keyword"
      label = "let:"
      sortText = "let:"
    [Object]
      insertText = [Object]
        b = 1
        value = "mark:$1=\"$0\""
      kind = "Keyword"
      label = "mark:"
      sortText = "mark:"
    [Object]
      insertText = [Object]
        b = 1
        value = "mut-bind:${1|canceltap|}=\"$0\""
      kind = "Keyword"
      label = "mut-bind:"
      sortText = "mut-bind:"
    [Object]
      insertText = [Object]
        b = 1
        value = "slot=\"$0\""
      kind = "Keyword"
      label = "slot"
      sortText = "slot"
    [Object]
      insertText = [Object]
        b = 1
        value = "slot:$1=\"$0\""
      kind = "Keyword"
      label = "slot:"
      sortText = "slot:"
    [Object]
      insertText = [Object]
        b = 1
        value = "style=\"$0\""
      kind = "Keyword"
      label = "style"
      sortText = "style"
    [Object]
      insertText = [Object]
        b = 1
        value = "style:${1|color,display|}=\"$0\""
      kind = "Keyword"
      label = "style:"
      sortText = "style:"
    [Object]
      insertText = [Object]
        b = 1
        value = "wx:elif=\"$0\""
      kind = "Keyword"
      label = "wx:elif"
      sortText = "wx:elif"
    [Object]
      insertText = [Object]
        b = 1
        value = "wx:else=\"$0\""
      kind = "Keyword"
      label = "wx:else"
      sortText = "wx:else"
    [Object]
      insertText = [Object]
        b = 1
        value = "wx:for=\"$0\""
      kind = "Keyword"
      label = "wx:for"
      sortText = "wx:for"
    [Object]
      insertText = [Object]
        b = 1
        value = "wx:for-index=\"$0\""
      kind = "Keyword"
      label = "wx:for-index"
      sortText = "wx:for-index"
    [Object]
      insertText = [Object]
        b = 1
        value = "wx:for-item=\"$0\""
      kind = "Keyword"
      label = "wx:for-item"
      sortText = "wx:for-item"
    [Object]
      insertText = [Object]
        b = 1
        value = "wx:if=\"$0\""
      kind = "Keyword"
      label = "wx:if"
      sortText = "wx:if"
    [Object]
      insertText = [Object]
        b = 1
        value = "wx:key=\"$0\""
      kind = "Keyword"
      label = "wx:key"
      sortText = "wx:key"

// ====== SNAPSHOT 1 ======
[Object]
  isIncomplete = false
  items = [Array]
    [Object]
      insertText = "methodA"
      kind = "Method"
      label = "methodA"
      sortText = "11"
    [Object]
      insertText = "methodB"
      kind = "Property"
      label = "methodB"
      sortText = "11"

// ====== SNAPSHOT 2 ======
[Object]
  isIncomplete = false
  items = [Array]
    [Object]
      insertText = "abc"
      kind = "Property"
      label = "abc"
      sortText = "11"
    [Object]
      insertText = "obj"
      kind = "Property"
      label = "obj"
      sortText = "11"

// ====== SNAPSHOT 3 ======
[Object]
  isIncomplete = false
  items = [Array]
    [Object]
      insertText = "fieldA"
      kind = "Property"
      label = "fieldA"
      sortText = "11"
    [Object]
      insertText = "fieldB"
      kind = "Property"
      label = "fieldB"
      sortText = "11"

