// ====== SNAPSHOT 0 ======
Na {
  "data": Uint32Array [
    0,
    0,
    5,
    0,
    0,
    0,
    5,
    1,
    0,
    0,
    1,
    2,
    10,
    0,
    0,
    0,
    10,
    1,
    0,
    0,
    1,
    11,
    4,
    6,
    0,
    0,
    5,
    1,
    1,
    0,
    0,
    0,
    1,
    8,
    0,
    0,
    2,
    4,
    6,
    0,
    0,
    5,
    1,
    1,
    0,
    0,
    3,
    1,
    8,
    0,
    0,
    3,
    1,
    8,
    0,
    1,
    0,
    6,
    8,
    0,
    0,
    6,
    2,
    10,
    0,
    0,
    0,
    2,
    10,
    0,
    0,
    0,
    2,
    10,
    0,
    0,
    13,
    2,
    10,
    0,
    0,
    0,
    3,
    10,
    0,
    1,
    0,
    4,
    10,
    0,
    1,
    2,
    12,
    0,
    0,
    1,
    0,
    7,
    0,
    0,
  ],
  "resultId": undefined,
}
