// ====== SNAPSHOT 0 ======
[Object]
  data = [Object]
    0 = 0
    1 = 0
    10 = 0
    11 = 6
    12 = 11
    13 = 2
    14 = 0
    15 = 0
    16 = 12
    17 = 5
    18 = 6
    19 = 0
    2 = 5
    20 = 0
    21 = 6
    22 = 14
    23 = 2
    24 = 0
    25 = 0
    26 = 16
    27 = 2
    28 = 10
    29 = 0
    3 = 0
    30 = 0
    31 = 3
    32 = 5
    33 = 6
    34 = 0
    35 = 0
    36 = 6
    37 = 2
    38 = 10
    39 = 0
    4 = 0
    40 = 0
    41 = 4
    42 = 1
    43 = 0
    44 = 0
    45 = 0
    46 = 1
    47 = 1
    48 = 0
    49 = 0
    5 = 0
    6 = 6
    7 = 5
    8 = 6
    9 = 0

