// ====== SNAPSHOT 0 ======
[Object]
  data = [Object]
    0 = 0
    1 = 0
    10 = 0
    11 = 6
    12 = 7
    13 = 2
    14 = 0
    15 = 0
    16 = 9
    17 = 5
    18 = 8
    19 = 0
    2 = 5
    20 = 0
    21 = 7
    22 = 1
    23 = 0
    24 = 0
    25 = 0
    26 = 1
    27 = 1
    28 = 0
    29 = 0
    3 = 0
    4 = 0
    5 = 0
    6 = 6
    7 = 5
    8 = 6
    9 = 0

