// ====== SNAPSHOT 0 ======
[Object]
  data = [Object]
    0 = 0
    1 = 7
    10 = 0
    100 = 3
    101 = 0
    102 = 5
    103 = 0
    104 = 0
    105 = 0
    106 = 6
    107 = 6
    108 = 6
    109 = 0
    11 = 3
    110 = 0
    111 = 0
    112 = 6
    113 = 6
    114 = 0
    115 = 0
    116 = 0
    117 = 6
    118 = 8
    119 = 0
    12 = 4
    120 = 0
    121 = 0
    122 = 6
    123 = 6
    124 = 0
    125 = 0
    126 = 0
    127 = 6
    128 = 8
    129 = 0
    13 = 2
    130 = 0
    131 = 0
    132 = 6
    133 = 6
    134 = 0
    135 = 0
    136 = 8
    137 = 3
    138 = 8
    139 = 0
    14 = 0
    140 = 0
    141 = 4
    142 = 1
    143 = 0
    144 = 0
    145 = 0
    146 = 1
    147 = 7
    148 = 0
    149 = 0
    15 = 0
    16 = 5
    17 = 2
    18 = 10
    19 = 0
    2 = 6
    20 = 0
    21 = 4
    22 = 11
    23 = 6
    24 = 0
    25 = 0
    26 = 13
    27 = 1
    28 = 8
    29 = 0
    3 = 6
    30 = 0
    31 = 3
    32 = 12
    33 = 6
    34 = 0
    35 = 0
    36 = 14
    37 = 1
    38 = 8
    39 = 0
    4 = 0
    40 = 0
    41 = 3
    42 = 6
    43 = 6
    44 = 0
    45 = 0
    46 = 8
    47 = 2
    48 = 8
    49 = 0
    5 = 0
    50 = 1
    51 = 2
    52 = 5
    53 = 0
    54 = 0
    55 = 0
    56 = 5
    57 = 1
    58 = 0
    59 = 0
    6 = 8
    60 = 0
    61 = 1
    62 = 2
    63 = 10
    64 = 0
    65 = 0
    66 = 3
    67 = 1
    68 = 1
    69 = 0
    7 = 2
    70 = 0
    71 = 2
    72 = 1
    73 = 10
    74 = 0
    75 = 0
    76 = 2
    77 = 3
    78 = 8
    79 = 0
    8 = 10
    80 = 0
    81 = 4
    82 = 1
    83 = 10
    84 = 0
    85 = 0
    86 = 2
    87 = 1
    88 = 1
    89 = 0
    9 = 0
    90 = 0
    91 = 2
    92 = 2
    93 = 10
    94 = 0
    95 = 0
    96 = 2
    97 = 7
    98 = 0
    99 = 0

