// ====== SNAPSHOT 0 ======
[Array]
  [Object]
    end = 2
    kind = 1
    start = 0

