// ====== SNAPSHOT 0 ======
[Array]
  [Object]
    end = 4
    start = 0

