// ====== SNAPSHOT 0 ======
Array [
  Object {
    "end": 4,
    "start": 0,
  },
  Object {
    "end": 12,
    "start": 8,
  },
]
