// ====== SNAPSHOT 0 ======
[Object]
  data = [Object]
    0 = 1
    1 = 2
    10 = 0
    11 = 2
    12 = 3
    13 = 0
    14 = 0
    15 = 0
    16 = 3
    17 = 1
    18 = 10
    19 = 0
    2 = 5
    3 = 2
    4 = 0
    5 = 0
    6 = 5
    7 = 1
    8 = 10
    9 = 0

