// ====== SNAPSHOT 0 ======
Object {
  "data": Object {
    "0": 2,
    "1": 0,
    "2": 8,
    "3": 6,
    "4": 0,
  },
}
