// ====== SNAPSHOT 0 ======
[Object]
  isIncomplete = false
  items = [Array]
    [Object]
      insertText = [Object]
        b = 1
        value = "template is=\"${1|test|}\" data=\"{{ $0 }}\" />"
      kind = "Keyword"
      label = "template is"
      sortText = "template is"

